Getting initial energy and force
Starting MD ntime = 400 with 765 dof
<step>        0 
<energyAVG>
<ham> -7.41004e+02 ~ -7.41004e+02 </ham>
<ke>  2.38088e+02 ~  2.38088e+02 </ke> 
<pe> -9.79092e+02 ~ -9.79092e+02 </pe>
</energyAVG>
</step>
<step>       10 
<energyAVG>
<ham> -7.41243e+02 ~ -7.41589e+02 </ham>
<ke>  2.35452e+02 ~  2.35432e+02 </ke> 
<pe> -9.76695e+02 ~ -9.77021e+02 </pe>
</energyAVG>
</step>
<step>       20 
<energyAVG>
<ham> -7.41442e+02 ~ -7.41541e+02 </ham>
<ke>  2.39564e+02 ~  2.45692e+02 </ke> 
<pe> -9.81007e+02 ~ -9.87233e+02 </pe>
</energyAVG>
</step>
<step>       30 
<energyAVG>
<ham> -7.41475e+02 ~ -7.41354e+02 </ham>
<ke>  2.39756e+02 ~  2.38965e+02 </ke> 
<pe> -9.81232e+02 ~ -9.80318e+02 </pe>
</energyAVG>
</step>
<step>       40 
<energyAVG>
<ham> -7.41460e+02 ~ -7.41284e+02 </ham>
<ke>  2.39734e+02 ~  2.37291e+02 </ke> 
<pe> -9.81193e+02 ~ -9.78575e+02 </pe>
</energyAVG>
</step>
<step>       50 
<energyAVG>
<ham> -7.41529e+02 ~ -7.42203e+02 </ham>
<ke>  2.41671e+02 ~  2.56125e+02 </ke> 
<pe> -9.83200e+02 ~ -9.98328e+02 </pe>
</energyAVG>
</step>
<step>       60 
<energyAVG>
<ham> -7.41672e+02 ~ -7.42371e+02 </ham>
<ke>  2.42897e+02 ~  2.38748e+02 </ke> 
<pe> -9.84568e+02 ~ -9.81119e+02 </pe>
</energyAVG>
</step>
<step>       70 
<energyAVG>
<ham> -7.41786e+02 ~ -7.42588e+02 </ham>
<ke>  2.43309e+02 ~  2.52495e+02 </ke> 
<pe> -9.85095e+02 ~ -9.95083e+02 </pe>
</energyAVG>
</step>
<step>       80 
<energyAVG>
<ham> -7.41863e+02 ~ -7.42656e+02 </ham>
<ke>  2.44402e+02 ~  2.57283e+02 </ke> 
<pe> -9.86265e+02 ~ -9.99939e+02 </pe>
</energyAVG>
</step>
<step>       90 
<energyAVG>
<ham> -7.41999e+02 ~ -7.43532e+02 </ham>
<ke>  2.44856e+02 ~  2.48492e+02 </ke> 
<pe> -9.86855e+02 ~ -9.92024e+02 </pe>
</energyAVG>
</step>
<step>      100 
<energyAVG>
<ham> -7.42187e+02 ~ -7.44028e+02 </ham>
<ke>  2.46023e+02 ~  2.52986e+02 </ke> 
<pe> -9.88210e+02 ~ -9.97014e+02 </pe>
</energyAVG>
</step>
<step>      110 
<energyAVG>
<ham> -7.42399e+02 ~ -7.44693e+02 </ham>
<ke>  2.47458e+02 ~  2.61361e+02 </ke> 
<pe> -9.89857e+02 ~ -1.00605e+03 </pe>
</energyAVG>
</step>
<step>      120 
<energyAVG>
<ham> -7.42619e+02 ~ -7.45350e+02 </ham>
<ke>  2.49063e+02 ~  2.69302e+02 </ke> 
<pe> -9.91682e+02 ~ -1.01465e+03 </pe>
</energyAVG>
</step>
<step>      130 
<energyAVG>
<ham> -7.42840e+02 ~ -7.45914e+02 </ham>
<ke>  2.51184e+02 ~  2.91774e+02 </ke> 
<pe> -9.94024e+02 ~ -1.03769e+03 </pe>
</energyAVG>
</step>
<step>      140 
<energyAVG>
<ham> -7.43090e+02 ~ -7.46804e+02 </ham>
<ke>  2.53680e+02 ~  2.81698e+02 </ke> 
<pe> -9.96770e+02 ~ -1.02850e+03 </pe>
</energyAVG>
</step>
<step>      150 
<energyAVG>
<ham> -7.43361e+02 ~ -7.47308e+02 </ham>
<ke>  2.55588e+02 ~  2.84055e+02 </ke> 
<pe> -9.98950e+02 ~ -1.03136e+03 </pe>
</energyAVG>
</step>
<step>      160 
<energyAVG>
<ham> -7.43612e+02 ~ -7.47213e+02 </ham>
<ke>  2.57471e+02 ~  2.81674e+02 </ke> 
<pe> -1.00108e+03 ~ -1.02889e+03 </pe>
</energyAVG>
</step>
<step>      170 
<energyAVG>
<ham> -7.43843e+02 ~ -7.47764e+02 </ham>
<ke>  2.59414e+02 ~  2.92484e+02 </ke> 
<pe> -1.00326e+03 ~ -1.04025e+03 </pe>
</energyAVG>
</step>
<step>      180 
<energyAVG>
<ham> -7.44085e+02 ~ -7.48534e+02 </ham>
<ke>  2.61372e+02 ~  2.97951e+02 </ke> 
<pe> -1.00546e+03 ~ -1.04649e+03 </pe>
</energyAVG>
</step>
<step>      190 
<energyAVG>
<ham> -7.44321e+02 ~ -7.48876e+02 </ham>
<ke>  2.62775e+02 ~  3.02519e+02 </ke> 
<pe> -1.00710e+03 ~ -1.05140e+03 </pe>
</energyAVG>
</step>
<step>      200 
<energyAVG>
<ham> -7.44553e+02 ~ -7.48941e+02 </ham>
<ke>  2.64872e+02 ~  2.99849e+02 </ke> 
<pe> -1.00942e+03 ~ -1.04879e+03 </pe>
</energyAVG>
</step>
<step>      210 
<energyAVG>
<ham> -7.44764e+02 ~ -7.49287e+02 </ham>
<ke>  2.66535e+02 ~  3.07190e+02 </ke> 
<pe> -1.01130e+03 ~ -1.05648e+03 </pe>
</energyAVG>
</step>
<step>      220 
<energyAVG>
<ham> -7.44962e+02 ~ -7.48982e+02 </ham>
<ke>  2.68311e+02 ~  2.92945e+02 </ke> 
<pe> -1.01327e+03 ~ -1.04193e+03 </pe>
</energyAVG>
</step>
<step>      230 
<energyAVG>
<ham> -7.45151e+02 ~ -7.49497e+02 </ham>
<ke>  2.69676e+02 ~  2.95555e+02 </ke> 
<pe> -1.01483e+03 ~ -1.04505e+03 </pe>
</energyAVG>
</step>
<step>      240 
<energyAVG>
<ham> -7.45334e+02 ~ -7.49567e+02 </ham>
<ke>  2.71260e+02 ~  3.14330e+02 </ke> 
<pe> -1.01659e+03 ~ -1.06390e+03 </pe>
</energyAVG>
</step>
<step>      250 
<energyAVG>
<ham> -7.45517e+02 ~ -7.50321e+02 </ham>
<ke>  2.73221e+02 ~  3.10804e+02 </ke> 
<pe> -1.01874e+03 ~ -1.06113e+03 </pe>
</energyAVG>
</step>
<step>      260 
<energyAVG>
<ham> -7.45707e+02 ~ -7.50782e+02 </ham>
<ke>  2.74541e+02 ~  3.08038e+02 </ke> 
<pe> -1.02025e+03 ~ -1.05882e+03 </pe>
</energyAVG>
</step>
<step>      270 
<energyAVG>
<ham> -7.45885e+02 ~ -7.50629e+02 </ham>
<ke>  2.75623e+02 ~  3.08750e+02 </ke> 
<pe> -1.02151e+03 ~ -1.05938e+03 </pe>
</energyAVG>
</step>
<step>      280 
<energyAVG>
<ham> -7.46031e+02 ~ -7.49176e+02 </ham>
<ke>  2.77086e+02 ~  3.12793e+02 </ke> 
<pe> -1.02312e+03 ~ -1.06197e+03 </pe>
</energyAVG>
</step>
<step>      290 
<energyAVG>
<ham> -7.46135e+02 ~ -7.49034e+02 </ham>
<ke>  2.78257e+02 ~  3.04570e+02 </ke> 
<pe> -1.02439e+03 ~ -1.05360e+03 </pe>
</energyAVG>
</step>
<step>      300 
<energyAVG>
<ham> -7.46225e+02 ~ -7.48795e+02 </ham>
<ke>  2.78825e+02 ~  3.01366e+02 </ke> 
<pe> -1.02505e+03 ~ -1.05016e+03 </pe>
</energyAVG>
</step>
<step>      310 
<energyAVG>
<ham> -7.46292e+02 ~ -7.48182e+02 </ham>
<ke>  2.79485e+02 ~  3.00281e+02 </ke> 
<pe> -1.02578e+03 ~ -1.04846e+03 </pe>
</energyAVG>
</step>
<step>      320 
<energyAVG>
<ham> -7.46353e+02 ~ -7.48201e+02 </ham>
<ke>  2.80178e+02 ~  2.94603e+02 </ke> 
<pe> -1.02653e+03 ~ -1.04280e+03 </pe>
</energyAVG>
</step>
<step>      330 
<energyAVG>
<ham> -7.46423e+02 ~ -7.48591e+02 </ham>
<ke>  2.80525e+02 ~  2.90967e+02 </ke> 
<pe> -1.02695e+03 ~ -1.03956e+03 </pe>
</energyAVG>
</step>
<step>      340 
<energyAVG>
<ham> -7.46479e+02 ~ -7.48524e+02 </ham>
<ke>  2.80973e+02 ~  3.00323e+02 </ke> 
<pe> -1.02745e+03 ~ -1.04885e+03 </pe>
</energyAVG>
</step>
<step>      350 
<energyAVG>
<ham> -7.46526e+02 ~ -7.47784e+02 </ham>
<ke>  2.81302e+02 ~  2.86765e+02 </ke> 
<pe> -1.02783e+03 ~ -1.03455e+03 </pe>
</energyAVG>
</step>
<step>      360 
<energyAVG>
<ham> -7.46548e+02 ~ -7.47334e+02 </ham>
<ke>  2.81343e+02 ~  2.86485e+02 </ke> 
<pe> -1.02789e+03 ~ -1.03382e+03 </pe>
</energyAVG>
</step>
<step>      370 
<energyAVG>
<ham> -7.46564e+02 ~ -7.47127e+02 </ham>
<ke>  2.81397e+02 ~  2.90147e+02 </ke> 
<pe> -1.02796e+03 ~ -1.03727e+03 </pe>
</energyAVG>
</step>
<step>      380 
<energyAVG>
<ham> -7.46575e+02 ~ -7.46917e+02 </ham>
<ke>  2.81646e+02 ~  2.91285e+02 </ke> 
<pe> -1.02822e+03 ~ -1.03820e+03 </pe>
</energyAVG>
</step>
<step>      390 
<energyAVG>
<ham> -7.46579e+02 ~ -7.46349e+02 </ham>
<ke>  2.81876e+02 ~  2.78287e+02 </ke> 
<pe> -1.02846e+03 ~ -1.02464e+03 </pe>
</energyAVG>
</step>
<step>      400 
<energyAVG>
<ham> -7.46559e+02 ~ -7.45484e+02 </ham>
<ke>  2.81838e+02 ~  2.78777e+02 </ke> 
<pe> -1.02840e+03 ~ -1.02426e+03 </pe>
</energyAVG>
</step>
