Getting initial energy and force
Starting MD ntime = 1000 with 12 dof
<step>        0 
<energyAVG>
<ham>  4.98771e+01 ~  4.98771e+01 </ham>
<ke>  5.00000e+01 ~  5.00000e+01 </ke> 
<pe> -1.22872e-01 ~ -1.22872e-01 </pe>
</energyAVG>
</step>
<step>       10 
<energyAVG>
<ham>  4.98265e+01 ~  4.94617e+01 </ham>
<ke>  5.02445e+01 ~  4.93953e+01 </ke> 
<pe> -4.18002e-01 ~  6.63819e-02 </pe>
</energyAVG>
</step>
<step>       20 
<energyAVG>
<ham>  4.95757e+01 ~  4.94104e+01 </ham>
<ke>  4.75699e+01 ~  4.97739e+01 </ke> 
<pe>  2.00580e+00 ~ -3.63497e-01 </pe>
</energyAVG>
</step>
<step>       30 
<energyAVG>
<ham>  4.95237e+01 ~  4.94408e+01 </ham>
<ke>  4.82068e+01 ~  4.94830e+01 </ke> 
<pe>  1.31693e+00 ~ -4.21822e-02 </pe>
</energyAVG>
</step>
<step>       40 
<energyAVG>
<ham>  4.95035e+01 ~  4.94408e+01 </ham>
<ke>  4.85182e+01 ~  4.94842e+01 </ke> 
<pe>  9.85287e-01 ~ -4.33717e-02 </pe>
</energyAVG>
</step>
<step>       50 
<energyAVG>
<ham>  4.94912e+01 ~  4.94408e+01 </ham>
<ke>  4.87078e+01 ~  4.94857e+01 </ke> 
<pe>  7.83430e-01 ~ -4.49048e-02 </pe>
</energyAVG>
</step>
<step>       60 
<energyAVG>
<ham>  4.94830e+01 ~  4.94408e+01 </ham>
<ke>  4.88355e+01 ~  4.94877e+01 </ke> 
<pe>  6.47469e-01 ~ -4.68339e-02 </pe>
</energyAVG>
</step>
<step>       70 
<energyAVG>
<ham>  4.94770e+01 ~  4.94408e+01 </ham>
<ke>  4.89275e+01 ~  4.94901e+01 </ke> 
<pe>  5.49500e-01 ~ -4.92298e-02 </pe>
</energyAVG>
</step>
<step>       80 
<energyAVG>
<ham>  4.94726e+01 ~  4.94408e+01 </ham>
<ke>  4.89972e+01 ~  4.94930e+01 </ke> 
<pe>  4.75388e-01 ~ -5.21881e-02 </pe>
</energyAVG>
</step>
<step>       90 
<energyAVG>
<ham>  4.94691e+01 ~  4.94408e+01 </ham>
<ke>  4.90519e+01 ~  4.94967e+01 </ke> 
<pe>  4.17199e-01 ~ -5.58390e-02 </pe>
</energyAVG>
</step>
<step>      100 
<energyAVG>
<ham>  4.94663e+01 ~  4.94408e+01 </ham>
<ke>  4.90962e+01 ~  4.95012e+01 </ke> 
<pe>  3.70125e-01 ~ -6.03617e-02 </pe>
</energyAVG>
</step>
<step>      110 
<energyAVG>
<ham>  4.94640e+01 ~  4.94408e+01 </ham>
<ke>  4.91329e+01 ~  4.95068e+01 </ke> 
<pe>  3.31073e-01 ~ -6.60078e-02 </pe>
</energyAVG>
</step>
<step>      120 
<energyAVG>
<ham>  4.94621e+01 ~  4.94408e+01 </ham>
<ke>  4.91641e+01 ~  4.95140e+01 </ke> 
<pe>  2.97944e-01 ~ -7.31387e-02 </pe>
</energyAVG>
</step>
<step>      130 
<energyAVG>
<ham>  4.94605e+01 ~  4.94408e+01 </ham>
<ke>  4.91912e+01 ~  4.95231e+01 </ke> 
<pe>  2.69247e-01 ~ -8.22874e-02 </pe>
</energyAVG>
</step>
<step>      140 
<energyAVG>
<ham>  4.94591e+01 ~  4.94408e+01 </ham>
<ke>  4.92152e+01 ~  4.95351e+01 </ke> 
<pe>  2.43868e-01 ~ -9.42682e-02 </pe>
</energyAVG>
</step>
<step>      150 
<energyAVG>
<ham>  4.94579e+01 ~  4.94408e+01 </ham>
<ke>  4.92369e+01 ~  4.95512e+01 </ke> 
<pe>  2.20916e-01 ~ -1.10377e-01 </pe>
</energyAVG>
</step>
<step>      160 
<energyAVG>
<ham>  4.94568e+01 ~  4.94408e+01 </ham>
<ke>  4.92572e+01 ~  4.95736e+01 </ke> 
<pe>  1.99613e-01 ~ -1.32783e-01 </pe>
</energyAVG>
</step>
<step>      170 
<energyAVG>
<ham>  4.94559e+01 ~  4.94408e+01 </ham>
<ke>  4.92767e+01 ~  4.96062e+01 </ke> 
<pe>  1.79190e-01 ~ -1.65349e-01 </pe>
</energyAVG>
</step>
<step>      180 
<energyAVG>
<ham>  4.94550e+01 ~  4.94409e+01 </ham>
<ke>  4.92963e+01 ~  4.96564e+01 </ke> 
<pe>  1.58736e-01 ~ -2.15504e-01 </pe>
</energyAVG>
</step>
<step>      190 
<energyAVG>
<ham>  4.94543e+01 ~  4.94409e+01 </ham>
<ke>  4.93174e+01 ~  4.97398e+01 </ke> 
<pe>  1.36938e-01 ~ -2.98943e-01 </pe>
</energyAVG>
</step>
<step>      200 
<energyAVG>
<ham>  4.94536e+01 ~  4.94409e+01 </ham>
<ke>  4.93422e+01 ~  4.98931e+01 </ke> 
<pe>  1.11470e-01 ~ -4.52211e-01 </pe>
</energyAVG>
</step>
<step>      210 
<energyAVG>
<ham>  4.94530e+01 ~  4.94409e+01 </ham>
<ke>  4.93754e+01 ~  5.01961e+01 </ke> 
<pe>  7.76363e-02 ~ -7.55169e-01 </pe>
</energyAVG>
</step>
<step>      220 
<energyAVG>
<ham>  4.94524e+01 ~  4.94370e+01 </ham>
<ke>  4.94200e+01 ~  5.03295e+01 </ke> 
<pe>  3.23940e-02 ~ -8.92569e-01 </pe>
</energyAVG>
</step>
<step>      230 
<energyAVG>
<ham>  4.94519e+01 ~  4.94372e+01 </ham>
<ke>  4.94361e+01 ~  5.00328e+01 </ke> 
<pe>  1.57621e-02 ~ -5.95606e-01 </pe>
</energyAVG>
</step>
<step>      240 
<energyAVG>
<ham>  4.94514e+01 ~  4.94408e+01 </ham>
<ke>  4.94744e+01 ~  5.02854e+01 </ke> 
<pe> -2.30108e-02 ~ -8.44634e-01 </pe>
</energyAVG>
</step>
<step>      250 
<energyAVG>
<ham>  4.94510e+01 ~  4.94410e+01 </ham>
<ke>  4.94985e+01 ~  4.99422e+01 </ke> 
<pe> -4.75814e-02 ~ -5.01225e-01 </pe>
</energyAVG>
</step>
<step>      260 
<energyAVG>
<ham>  4.94506e+01 ~  4.94409e+01 </ham>
<ke>  4.95114e+01 ~  4.97650e+01 </ke> 
<pe> -6.08529e-02 ~ -3.24118e-01 </pe>
</energyAVG>
</step>
<step>      270 
<energyAVG>
<ham>  4.94502e+01 ~  4.94409e+01 </ham>
<ke>  4.95187e+01 ~  4.96707e+01 </ke> 
<pe> -6.84907e-02 ~ -2.29860e-01 </pe>
</energyAVG>
</step>
<step>      280 
<energyAVG>
<ham>  4.94499e+01 ~  4.94408e+01 </ham>
<ke>  4.95229e+01 ~  4.96151e+01 </ke> 
<pe> -7.30676e-02 ~ -1.74301e-01 </pe>
</energyAVG>
</step>
<step>      290 
<energyAVG>
<ham>  4.94496e+01 ~  4.94408e+01 </ham>
<ke>  4.95254e+01 ~  4.95796e+01 </ke> 
<pe> -7.58333e-02 ~ -1.38756e-01 </pe>
</energyAVG>
</step>
<step>      300 
<energyAVG>
<ham>  4.94493e+01 ~  4.94408e+01 </ham>
<ke>  4.95267e+01 ~  4.95554e+01 </ke> 
<pe> -7.74581e-02 ~ -1.14571e-01 </pe>
</energyAVG>
</step>
<step>      310 
<energyAVG>
<ham>  4.94490e+01 ~  4.94408e+01 </ham>
<ke>  4.95273e+01 ~  4.95382e+01 </ke> 
<pe> -7.83320e-02 ~ -9.73310e-02 </pe>
</energyAVG>
</step>
<step>      320 
<energyAVG>
<ham>  4.94488e+01 ~  4.94408e+01 </ham>
<ke>  4.95274e+01 ~  4.95254e+01 </ke> 
<pe> -7.86963e-02 ~ -8.45928e-02 </pe>
</energyAVG>
</step>
<step>      330 
<energyAVG>
<ham>  4.94485e+01 ~  4.94408e+01 </ham>
<ke>  4.95272e+01 ~  4.95158e+01 </ke> 
<pe> -7.87073e-02 ~ -7.49156e-02 </pe>
</energyAVG>
</step>
<step>      340 
<energyAVG>
<ham>  4.94483e+01 ~  4.94408e+01 </ham>
<ke>  4.95268e+01 ~  4.95082e+01 </ke> 
<pe> -7.84705e-02 ~ -6.74028e-02 </pe>
</energyAVG>
</step>
<step>      350 
<energyAVG>
<ham>  4.94481e+01 ~  4.94408e+01 </ham>
<ke>  4.95261e+01 ~  4.95023e+01 </ke> 
<pe> -7.80590e-02 ~ -6.14722e-02 </pe>
</energyAVG>
</step>
<step>      360 
<energyAVG>
<ham>  4.94479e+01 ~  4.94408e+01 </ham>
<ke>  4.95254e+01 ~  4.94976e+01 </ke> 
<pe> -7.75250e-02 ~ -5.67319e-02 </pe>
</energyAVG>
</step>
<step>      370 
<energyAVG>
<ham>  4.94477e+01 ~  4.94408e+01 </ham>
<ke>  4.95246e+01 ~  4.94937e+01 </ke> 
<pe> -7.69061e-02 ~ -5.29105e-02 </pe>
</energyAVG>
</step>
<step>      380 
<energyAVG>
<ham>  4.94475e+01 ~  4.94408e+01 </ham>
<ke>  4.95237e+01 ~  4.94907e+01 </ke> 
<pe> -7.62302e-02 ~ -4.98155e-02 </pe>
</energyAVG>
</step>
<step>      390 
<energyAVG>
<ham>  4.94473e+01 ~  4.94408e+01 </ham>
<ke>  4.95229e+01 ~  4.94881e+01 </ke> 
<pe> -7.55182e-02 ~ -4.73076e-02 </pe>
</energyAVG>
</step>
<step>      400 
<energyAVG>
<ham>  4.94472e+01 ~  4.94408e+01 </ham>
<ke>  4.95220e+01 ~  4.94861e+01 </ke> 
<pe> -7.47860e-02 ~ -4.52846e-02 </pe>
</energyAVG>
</step>
<step>      410 
<energyAVG>
<ham>  4.94470e+01 ~  4.94408e+01 </ham>
<ke>  4.95211e+01 ~  4.94845e+01 </ke> 
<pe> -7.40459e-02 ~ -4.36712e-02 </pe>
</energyAVG>
</step>
<step>      420 
<energyAVG>
<ham>  4.94469e+01 ~  4.94408e+01 </ham>
<ke>  4.95202e+01 ~  4.94832e+01 </ke> 
<pe> -7.33073e-02 ~ -4.24114e-02 </pe>
</energyAVG>
</step>
<step>      430 
<energyAVG>
<ham>  4.94467e+01 ~  4.94408e+01 </ham>
<ke>  4.95193e+01 ~  4.94823e+01 </ke> 
<pe> -7.25778e-02 ~ -4.14643e-02 </pe>
</energyAVG>
</step>
<step>      440 
<energyAVG>
<ham>  4.94466e+01 ~  4.94408e+01 </ham>
<ke>  4.95185e+01 ~  4.94816e+01 </ke> 
<pe> -7.18635e-02 ~ -4.08004e-02 </pe>
</energyAVG>
</step>
<step>      450 
<energyAVG>
<ham>  4.94465e+01 ~  4.94408e+01 </ham>
<ke>  4.95176e+01 ~  4.94812e+01 </ke> 
<pe> -7.11694e-02 ~ -4.04000e-02 </pe>
</energyAVG>
</step>
<step>      460 
<energyAVG>
<ham>  4.94463e+01 ~  4.94408e+01 </ham>
<ke>  4.95168e+01 ~  4.94811e+01 </ke> 
<pe> -7.04997e-02 ~ -4.02515e-02 </pe>
</energyAVG>
</step>
<step>      470 
<energyAVG>
<ham>  4.94462e+01 ~  4.94408e+01 </ham>
<ke>  4.95161e+01 ~  4.94812e+01 </ke> 
<pe> -6.98582e-02 ~ -4.03506e-02 </pe>
</energyAVG>
</step>
<step>      480 
<energyAVG>
<ham>  4.94461e+01 ~  4.94408e+01 </ham>
<ke>  4.95154e+01 ~  4.94815e+01 </ke> 
<pe> -6.92483e-02 ~ -4.07001e-02 </pe>
</energyAVG>
</step>
<step>      490 
<energyAVG>
<ham>  4.94460e+01 ~  4.94408e+01 </ham>
<ke>  4.95147e+01 ~  4.94821e+01 </ke> 
<pe> -6.86733e-02 ~ -4.13101e-02 </pe>
</energyAVG>
</step>
<step>      500 
<energyAVG>
<ham>  4.94459e+01 ~  4.94408e+01 </ham>
<ke>  4.95140e+01 ~  4.94830e+01 </ke> 
<pe> -6.81364e-02 ~ -4.21988e-02 </pe>
</energyAVG>
</step>
<step>      510 
<energyAVG>
<ham>  4.94458e+01 ~  4.94408e+01 </ham>
<ke>  4.95134e+01 ~  4.94842e+01 </ke> 
<pe> -6.76411e-02 ~ -4.33934e-02 </pe>
</energyAVG>
</step>
<step>      520 
<energyAVG>
<ham>  4.94457e+01 ~  4.94408e+01 </ham>
<ke>  4.95129e+01 ~  4.94858e+01 </ke> 
<pe> -6.71914e-02 ~ -4.49324e-02 </pe>
</energyAVG>
</step>
<step>      530 
<energyAVG>
<ham>  4.94456e+01 ~  4.94408e+01 </ham>
<ke>  4.95124e+01 ~  4.94877e+01 </ke> 
<pe> -6.67916e-02 ~ -4.68684e-02 </pe>
</energyAVG>
</step>
<step>      540 
<energyAVG>
<ham>  4.94455e+01 ~  4.94408e+01 </ham>
<ke>  4.95120e+01 ~  4.94901e+01 </ke> 
<pe> -6.64470e-02 ~ -4.92724e-02 </pe>
</energyAVG>
</step>
<step>      550 
<energyAVG>
<ham>  4.94454e+01 ~  4.94408e+01 </ham>
<ke>  4.95116e+01 ~  4.94931e+01 </ke> 
<pe> -6.61640e-02 ~ -5.22407e-02 </pe>
</energyAVG>
</step>
<step>      560 
<energyAVG>
<ham>  4.94454e+01 ~  4.94408e+01 </ham>
<ke>  4.95113e+01 ~  4.94967e+01 </ke> 
<pe> -6.59506e-02 ~ -5.59039e-02 </pe>
</energyAVG>
</step>
<step>      570 
<energyAVG>
<ham>  4.94453e+01 ~  4.94408e+01 </ham>
<ke>  4.95111e+01 ~  4.95013e+01 </ke> 
<pe> -6.58169e-02 ~ -6.04423e-02 </pe>
</energyAVG>
</step>
<step>      580 
<energyAVG>
<ham>  4.94452e+01 ~  4.94408e+01 </ham>
<ke>  4.95110e+01 ~  4.95069e+01 </ke> 
<pe> -6.57762e-02 ~ -6.61090e-02 </pe>
</energyAVG>
</step>
<step>      590 
<energyAVG>
<ham>  4.94451e+01 ~  4.94408e+01 </ham>
<ke>  4.95110e+01 ~  4.95141e+01 </ke> 
<pe> -6.58461e-02 ~ -7.32674e-02 </pe>
</energyAVG>
</step>
<step>      600 
<energyAVG>
<ham>  4.94451e+01 ~  4.94408e+01 </ham>
<ke>  4.95111e+01 ~  4.95233e+01 </ke> 
<pe> -6.60504e-02 ~ -8.24540e-02 </pe>
</energyAVG>
</step>
<step>      610 
<energyAVG>
<ham>  4.94450e+01 ~  4.94408e+01 </ham>
<ke>  4.95114e+01 ~  4.95353e+01 </ke> 
<pe> -6.64226e-02 ~ -9.44890e-02 </pe>
</energyAVG>
</step>
<step>      620 
<energyAVG>
<ham>  4.94449e+01 ~  4.94408e+01 </ham>
<ke>  4.95119e+01 ~  4.95515e+01 </ke> 
<pe> -6.70113e-02 ~ -1.10678e-01 </pe>
</energyAVG>
</step>
<step>      630 
<energyAVG>
<ham>  4.94449e+01 ~  4.94408e+01 </ham>
<ke>  4.95128e+01 ~  4.95741e+01 </ke> 
<pe> -6.78894e-02 ~ -1.33210e-01 </pe>
</energyAVG>
</step>
<step>      640 
<energyAVG>
<ham>  4.94448e+01 ~  4.94408e+01 </ham>
<ke>  4.95140e+01 ~  4.96068e+01 </ke> 
<pe> -6.91729e-02 ~ -1.65985e-01 </pe>
</energyAVG>
</step>
<step>      650 
<energyAVG>
<ham>  4.94447e+01 ~  4.94409e+01 </ham>
<ke>  4.95158e+01 ~  4.96574e+01 </ke> 
<pe> -7.10572e-02 ~ -2.16517e-01 </pe>
</energyAVG>
</step>
<step>      660 
<energyAVG>
<ham>  4.94447e+01 ~  4.94409e+01 </ham>
<ke>  4.95186e+01 ~  4.97416e+01 </ke> 
<pe> -7.39004e-02 ~ -3.00701e-01 </pe>
</energyAVG>
</step>
<step>      670 
<energyAVG>
<ham>  4.94446e+01 ~  4.94409e+01 </ham>
<ke>  4.95230e+01 ~  4.98965e+01 </ke> 
<pe> -7.84253e-02 ~ -4.55600e-01 </pe>
</energyAVG>
</step>
<step>      680 
<energyAVG>
<ham>  4.94446e+01 ~  4.94409e+01 </ham>
<ke>  4.95308e+01 ~  5.02026e+01 </ke> 
<pe> -8.61934e-02 ~ -7.61637e-01 </pe>
</energyAVG>
</step>
<step>      690 
<energyAVG>
<ham>  4.94445e+01 ~  4.94369e+01 </ham>
<ke>  4.95428e+01 ~  5.03145e+01 </ke> 
<pe> -9.83051e-02 ~ -8.77569e-01 </pe>
</energyAVG>
</step>
<step>      700 
<energyAVG>
<ham>  4.94444e+01 ~  4.94370e+01 </ham>
<ke>  4.95463e+01 ~  5.00611e+01 </ke> 
<pe> -1.01890e-01 ~ -6.24123e-01 </pe>
</energyAVG>
</step>
<step>      710 
<energyAVG>
<ham>  4.94444e+01 ~  4.94408e+01 </ham>
<ke>  4.95578e+01 ~  5.02787e+01 </ke> 
<pe> -1.13405e-01 ~ -8.37896e-01 </pe>
</energyAVG>
</step>
<step>      720 
<energyAVG>
<ham>  4.94443e+01 ~  4.94410e+01 </ham>
<ke>  4.95649e+01 ~  4.99383e+01 </ke> 
<pe> -1.20631e-01 ~ -4.97322e-01 </pe>
</energyAVG>
</step>
<step>      730 
<energyAVG>
<ham>  4.94443e+01 ~  4.94409e+01 </ham>
<ke>  4.95686e+01 ~  4.97630e+01 </ke> 
<pe> -1.24333e-01 ~ -3.22131e-01 </pe>
</energyAVG>
</step>
<step>      740 
<energyAVG>
<ham>  4.94442e+01 ~  4.94409e+01 </ham>
<ke>  4.95705e+01 ~  4.96696e+01 </ke> 
<pe> -1.26250e-01 ~ -2.28738e-01 </pe>
</energyAVG>
</step>
<step>      750 
<energyAVG>
<ham>  4.94442e+01 ~  4.94408e+01 </ham>
<ke>  4.95714e+01 ~  4.96145e+01 </ke> 
<pe> -1.27182e-01 ~ -1.73606e-01 </pe>
</energyAVG>
</step>
<step>      760 
<energyAVG>
<ham>  4.94441e+01 ~  4.94408e+01 </ham>
<ke>  4.95717e+01 ~  4.95791e+01 </ke> 
<pe> -1.27521e-01 ~ -1.38295e-01 </pe>
</energyAVG>
</step>
<step>      770 
<energyAVG>
<ham>  4.94441e+01 ~  4.94408e+01 </ham>
<ke>  4.95716e+01 ~  4.95551e+01 </ke> 
<pe> -1.27480e-01 ~ -1.14249e-01 </pe>
</energyAVG>
</step>
<step>      780 
<energyAVG>
<ham>  4.94441e+01 ~  4.94408e+01 </ham>
<ke>  4.95712e+01 ~  4.95379e+01 </ke> 
<pe> -1.27185e-01 ~ -9.70967e-02 </pe>
</energyAVG>
</step>
<step>      790 
<energyAVG>
<ham>  4.94440e+01 ~  4.94408e+01 </ham>
<ke>  4.95707e+01 ~  4.95253e+01 </ke> 
<pe> -1.26712e-01 ~ -8.44169e-02 </pe>
</energyAVG>
</step>
<step>      800 
<energyAVG>
<ham>  4.94440e+01 ~  4.94408e+01 </ham>
<ke>  4.95701e+01 ~  4.95156e+01 </ke> 
<pe> -1.26115e-01 ~ -7.47803e-02 </pe>
</energyAVG>
</step>
<step>      810 
<energyAVG>
<ham>  4.94439e+01 ~  4.94408e+01 </ham>
<ke>  4.95694e+01 ~  4.95081e+01 </ke> 
<pe> -1.25430e-01 ~ -6.72968e-02 </pe>
</energyAVG>
</step>
<step>      820 
<energyAVG>
<ham>  4.94439e+01 ~  4.94408e+01 </ham>
<ke>  4.95686e+01 ~  4.95022e+01 </ke> 
<pe> -1.24681e-01 ~ -6.13878e-02 </pe>
</energyAVG>
</step>
<step>      830 
<energyAVG>
<ham>  4.94439e+01 ~  4.94408e+01 </ham>
<ke>  4.95677e+01 ~  4.94975e+01 </ke> 
<pe> -1.23887e-01 ~ -5.66641e-02 </pe>
</energyAVG>
</step>
<step>      840 
<energyAVG>
<ham>  4.94438e+01 ~  4.94408e+01 </ham>
<ke>  4.95669e+01 ~  4.94937e+01 </ke> 
<pe> -1.23062e-01 ~ -5.28557e-02 </pe>
</energyAVG>
</step>
<step>      850 
<energyAVG>
<ham>  4.94438e+01 ~  4.94408e+01 </ham>
<ke>  4.95660e+01 ~  4.94906e+01 </ke> 
<pe> -1.22216e-01 ~ -4.97711e-02 </pe>
</energyAVG>
</step>
<step>      860 
<energyAVG>
<ham>  4.94438e+01 ~  4.94408e+01 </ham>
<ke>  4.95651e+01 ~  4.94881e+01 </ke> 
<pe> -1.21358e-01 ~ -4.72716e-02 </pe>
</energyAVG>
</step>
<step>      870 
<energyAVG>
<ham>  4.94437e+01 ~  4.94408e+01 </ham>
<ke>  4.95642e+01 ~  4.94861e+01 </ke> 
<pe> -1.20495e-01 ~ -4.52558e-02 </pe>
</energyAVG>
</step>
<step>      880 
<energyAVG>
<ham>  4.94437e+01 ~  4.94408e+01 </ham>
<ke>  4.95633e+01 ~  4.94845e+01 </ke> 
<pe> -1.19630e-01 ~ -4.36484e-02 </pe>
</energyAVG>
</step>
<step>      890 
<energyAVG>
<ham>  4.94437e+01 ~  4.94408e+01 </ham>
<ke>  4.95624e+01 ~  4.94832e+01 </ke> 
<pe> -1.18769e-01 ~ -4.23939e-02 </pe>
</energyAVG>
</step>
<step>      900 
<energyAVG>
<ham>  4.94436e+01 ~  4.94408e+01 </ham>
<ke>  4.95615e+01 ~  4.94823e+01 </ke> 
<pe> -1.17916e-01 ~ -4.14515e-02 </pe>
</energyAVG>
</step>
<step>      910 
<energyAVG>
<ham>  4.94436e+01 ~  4.94408e+01 </ham>
<ke>  4.95607e+01 ~  4.94816e+01 </ke> 
<pe> -1.17072e-01 ~ -4.07920e-02 </pe>
</energyAVG>
</step>
<step>      920 
<energyAVG>
<ham>  4.94436e+01 ~  4.94408e+01 </ham>
<ke>  4.95598e+01 ~  4.94812e+01 </ke> 
<pe> -1.16241e-01 ~ -4.03957e-02 </pe>
</energyAVG>
</step>
<step>      930 
<energyAVG>
<ham>  4.94435e+01 ~  4.94408e+01 </ham>
<ke>  4.95590e+01 ~  4.94811e+01 </ke> 
<pe> -1.15426e-01 ~ -4.02511e-02 </pe>
</energyAVG>
</step>
<step>      940 
<energyAVG>
<ham>  4.94435e+01 ~  4.94408e+01 </ham>
<ke>  4.95581e+01 ~  4.94812e+01 </ke> 
<pe> -1.14627e-01 ~ -4.03542e-02 </pe>
</energyAVG>
</step>
<step>      950 
<energyAVG>
<ham>  4.94435e+01 ~  4.94408e+01 </ham>
<ke>  4.95573e+01 ~  4.94815e+01 </ke> 
<pe> -1.13848e-01 ~ -4.07077e-02 </pe>
</energyAVG>
</step>
<step>      960 
<energyAVG>
<ham>  4.94434e+01 ~  4.94408e+01 </ham>
<ke>  4.95565e+01 ~  4.94822e+01 </ke> 
<pe> -1.13090e-01 ~ -4.13221e-02 </pe>
</energyAVG>
</step>
<step>      970 
<energyAVG>
<ham>  4.94434e+01 ~  4.94408e+01 </ham>
<ke>  4.95558e+01 ~  4.94831e+01 </ke> 
<pe> -1.12356e-01 ~ -4.22154e-02 </pe>
</energyAVG>
</step>
<step>      980 
<energyAVG>
<ham>  4.94434e+01 ~  4.94408e+01 </ham>
<ke>  4.95550e+01 ~  4.94843e+01 </ke> 
<pe> -1.11647e-01 ~ -4.34152e-02 </pe>
</energyAVG>
</step>
<step>      990 
<energyAVG>
<ham>  4.94434e+01 ~  4.94408e+01 </ham>
<ke>  4.95543e+01 ~  4.94858e+01 </ke> 
<pe> -1.10967e-01 ~ -4.49600e-02 </pe>
</energyAVG>
</step>
<step>     1000 
<energyAVG>
<ham>  4.94433e+01 ~  4.94408e+01 </ham>
<ke>  4.95537e+01 ~  4.94877e+01 </ke> 
<pe> -1.10318e-01 ~ -4.69029e-02 </pe>
</energyAVG>
</step>

