Getting initial energy and force
Starting MD ntime = 1000 with 12 dof
<step>        0 
<energyAVG>
<ham>  4.98771e+01 ~  4.98771e+01 </ham>
<ke>  5.00000e+01 ~  5.00000e+01 </ke> 
<pe> -1.22872e-01 ~ -1.22872e-01 </pe>
</energyAVG>
</step>
<step>       10 
<energyAVG>
<ham>  4.98265e+01 ~  4.94617e+01 </ham>
<ke>  5.02445e+01 ~  4.93953e+01 </ke> 
<pe> -4.18002e-01 ~  6.63819e-02 </pe>
</energyAVG>
</step>
<step>       20 
<energyAVG>
<ham>  4.95757e+01 ~  4.94104e+01 </ham>
<ke>  4.75699e+01 ~  4.97739e+01 </ke> 
<pe>  2.00580e+00 ~ -3.63497e-01 </pe>
</energyAVG>
</step>
<step>       30 
<energyAVG>
<ham>  4.95237e+01 ~  4.94408e+01 </ham>
<ke>  4.82068e+01 ~  4.94830e+01 </ke> 
<pe>  1.31693e+00 ~ -4.21822e-02 </pe>
</energyAVG>
</step>
<step>       40 
<energyAVG>
<ham>  4.95035e+01 ~  4.94408e+01 </ham>
<ke>  4.85182e+01 ~  4.94842e+01 </ke> 
<pe>  9.85287e-01 ~ -4.33717e-02 </pe>
</energyAVG>
</step>
<step>       50 
<energyAVG>
<ham>  4.94912e+01 ~  4.94408e+01 </ham>
<ke>  4.87078e+01 ~  4.94857e+01 </ke> 
<pe>  7.83430e-01 ~ -4.49048e-02 </pe>
</energyAVG>
</step>
<step>       60 
<energyAVG>
<ham>  4.94830e+01 ~  4.94408e+01 </ham>
<ke>  4.88355e+01 ~  4.94877e+01 </ke> 
<pe>  6.47469e-01 ~ -4.68339e-02 </pe>
</energyAVG>
</step>
<step>       70 
<energyAVG>
<ham>  4.94770e+01 ~  4.94408e+01 </ham>
<ke>  4.89275e+01 ~  4.94901e+01 </ke> 
<pe>  5.49500e-01 ~ -4.92298e-02 </pe>
</energyAVG>
</step>
<step>       80 
<energyAVG>
<ham>  4.94726e+01 ~  4.94408e+01 </ham>
<ke>  4.89972e+01 ~  4.94930e+01 </ke> 
<pe>  4.75388e-01 ~ -5.21881e-02 </pe>
</energyAVG>
</step>
<step>       90 
<energyAVG>
<ham>  4.94673e+01 ~  4.94270e+01 </ham>
<ke>  4.90605e+01 ~  4.97553e+01 </ke> 
<pe>  4.06790e-01 ~ -3.28286e-01 </pe>
</energyAVG>
</step>
<step>      100 
<energyAVG>
<ham>  4.94541e+01 ~  4.93515e+01 </ham>
<ke>  4.86207e+01 ~  4.89813e+01 </ke> 
<pe>  8.33448e-01 ~  3.70239e-01 </pe>
</energyAVG>
</step>
<step>      110 
<energyAVG>
<ham>  4.94853e+01 ~  4.98096e+01 </ham>
<ke>  4.87729e+01 ~  4.99703e+01 </ke> 
<pe>  7.12392e-01 ~ -1.60662e-01 </pe>
</energyAVG>
</step>
<step>      120 
<energyAVG>
<ham>  4.95127e+01 ~  4.98242e+01 </ham>
<ke>  4.88660e+01 ~  4.98719e+01 </ke> 
<pe>  6.46724e-01 ~ -4.76824e-02 </pe>
</energyAVG>
</step>
<step>      130 
<energyAVG>
<ham>  4.95376e+01 ~  4.98404e+01 </ham>
<ke>  4.89426e+01 ~  4.98708e+01 </ke> 
<pe>  5.95012e-01 ~ -3.04546e-02 </pe>
</energyAVG>
</step>
<step>      140 
<energyAVG>
<ham>  4.95591e+01 ~  4.98404e+01 </ham>
<ke>  4.90086e+01 ~  4.98746e+01 </ke> 
<pe>  5.50507e-01 ~ -3.42762e-02 </pe>
</energyAVG>
</step>
<step>      150 
<energyAVG>
<ham>  4.95777e+01 ~  4.98404e+01 </ham>
<ke>  4.90661e+01 ~  4.98792e+01 </ke> 
<pe>  5.11618e-01 ~ -3.88387e-02 </pe>
</energyAVG>
</step>
<step>      160 
<energyAVG>
<ham>  4.95940e+01 ~  4.98404e+01 </ham>
<ke>  4.91168e+01 ~  4.98847e+01 </ke> 
<pe>  4.77245e-01 ~ -4.43563e-02 </pe>
</energyAVG>
</step>
<step>      170 
<energyAVG>
<ham>  4.96080e+01 ~  4.98254e+01 </ham>
<ke>  4.91623e+01 ~  4.99246e+01 </ke> 
<pe>  4.45643e-01 ~ -9.91691e-02 </pe>
</energyAVG>
</step>
<step>      180 
<energyAVG>
<ham>  4.96198e+01 ~  4.97743e+01 </ham>
<ke>  4.92236e+01 ~  5.08305e+01 </ke> 
<pe>  3.96205e-01 ~ -1.05628e+00 </pe>
</energyAVG>
</step>
<step>      190 
<energyAVG>
<ham>  4.96247e+01 ~  4.99499e+01 </ham>
<ke>  4.90362e+01 ~  5.08219e+01 </ke> 
<pe>  5.88471e-01 ~ -8.71992e-01 </pe>
</energyAVG>
</step>
<step>      200 
<energyAVG>
<ham>  4.96394e+01 ~  4.97844e+01 </ham>
<ke>  4.90086e+01 ~  4.64938e+01 </ke> 
<pe>  6.30857e-01 ~  3.29066e+00 </pe>
</energyAVG>
</step>
<step>      210 
<energyAVG>
<ham>  4.96525e+01 ~  4.99449e+01 </ham>
<ke>  4.90751e+01 ~  5.01602e+01 </ke> 
<pe>  5.77394e-01 ~ -2.15299e-01 </pe>
</energyAVG>
</step>
<step>      220 
<energyAVG>
<ham>  4.96658e+01 ~  4.99592e+01 </ham>
<ke>  4.91206e+01 ~  5.00858e+01 </ke> 
<pe>  5.45190e-01 ~ -1.26629e-01 </pe>
</energyAVG>
</step>
<step>      230 
<energyAVG>
<ham>  4.96785e+01 ~  4.99593e+01 </ham>
<ke>  4.91667e+01 ~  5.03009e+01 </ke> 
<pe>  5.11730e-01 ~ -3.41585e-01 </pe>
</energyAVG>
</step>
<step>      240 
<energyAVG>
<ham>  4.96901e+01 ~  4.99589e+01 </ham>
<ke>  4.92238e+01 ~  5.07739e+01 </ke> 
<pe>  4.66346e-01 ~ -8.15003e-01 </pe>
</energyAVG>
</step>
<step>      250 
<energyAVG>
<ham>  4.97008e+01 ~  4.99595e+01 </ham>
<ke>  4.92902e+01 ~  5.07891e+01 </ke> 
<pe>  4.10554e-01 ~ -8.29564e-01 </pe>
</energyAVG>
</step>
<step>      260 
<energyAVG>
<ham>  4.97107e+01 ~  4.99577e+01 </ham>
<ke>  4.93494e+01 ~  5.09551e+01 </ke> 
<pe>  3.61285e-01 ~ -9.97378e-01 </pe>
</energyAVG>
</step>
<step>      270 
<energyAVG>
<ham>  4.97196e+01 ~  4.99434e+01 </ham>
<ke>  4.94005e+01 ~  5.05216e+01 </ke> 
<pe>  3.19013e-01 ~ -5.78191e-01 </pe>
</energyAVG>
</step>
<step>      280 
<energyAVG>
<ham>  4.97276e+01 ~  4.99460e+01 </ham>
<ke>  4.94390e+01 ~  5.06746e+01 </ke> 
<pe>  2.88561e-01 ~ -7.28638e-01 </pe>
</energyAVG>
</step>
<step>      290 
<energyAVG>
<ham>  4.97329e+01 ~  4.97220e+01 </ham>
<ke>  4.93748e+01 ~  4.90817e+01 </ke> 
<pe>  3.58084e-01 ~  6.40292e-01 </pe>
</energyAVG>
</step>
<step>      300 
<energyAVG>
<ham>  4.97396e+01 ~  4.99460e+01 </ham>
<ke>  4.94179e+01 ~  5.04153e+01 </ke> 
<pe>  3.21710e-01 ~ -4.69312e-01 </pe>
</energyAVG>
</step>
<step>      310 
<energyAVG>
<ham>  4.97463e+01 ~  4.99602e+01 </ham>
<ke>  4.94561e+01 ~  5.08784e+01 </ke> 
<pe>  2.90120e-01 ~ -9.18222e-01 </pe>
</energyAVG>
</step>
<step>      320 
<energyAVG>
<ham>  4.97529e+01 ~  4.99737e+01 </ham>
<ke>  4.94713e+01 ~  4.87602e+01 </ke> 
<pe>  2.81593e-01 ~  1.21346e+00 </pe>
</energyAVG>
</step>
<step>      330 
<energyAVG>
<ham>  4.97590e+01 ~  4.99615e+01 </ham>
<ke>  4.95046e+01 ~  5.07339e+01 </ke> 
<pe>  2.54334e-01 ~ -7.72428e-01 </pe>
</energyAVG>
</step>
<step>      340 
<energyAVG>
<ham>  4.97649e+01 ~  4.99617e+01 </ham>
<ke>  4.95312e+01 ~  5.02261e+01 </ke> 
<pe>  2.33674e-01 ~ -2.64442e-01 </pe>
</energyAVG>
</step>
<step>      350 
<energyAVG>
<ham>  4.97705e+01 ~  4.99615e+01 </ham>
<ke>  4.95480e+01 ~  5.00610e+01 </ke> 
<pe>  2.22493e-01 ~ -9.94909e-02 </pe>
</energyAVG>
</step>
<step>      360 
<energyAVG>
<ham>  4.97758e+01 ~  4.99614e+01 </ham>
<ke>  4.95612e+01 ~  5.00038e+01 </ke> 
<pe>  2.14570e-01 ~ -4.23868e-02 </pe>
</energyAVG>
</step>
<step>      370 
<energyAVG>
<ham>  4.97808e+01 ~  4.99614e+01 </ham>
<ke>  4.95728e+01 ~  4.99814e+01 </ke> 
<pe>  2.08020e-01 ~ -1.99559e-02 </pe>
</energyAVG>
</step>
<step>      380 
<energyAVG>
<ham>  4.97859e+01 ~  4.99781e+01 </ham>
<ke>  4.95834e+01 ~  4.99781e+01 </ke> 
<pe>  2.02466e-01 ~  0.00000e+00 </pe>
</energyAVG>
</step>
<step>      390 
<energyAVG>
<ham>  4.97900e+01 ~  4.99157e+01 </ham>
<ke>  4.95949e+01 ~  5.01589e+01 </ke> 
<pe>  1.95067e-01 ~ -2.43179e-01 </pe>
</energyAVG>
</step>
<step>      400 
<energyAVG>
<ham>  4.97915e+01 ~  4.88044e+01 </ham>
<ke>  4.94832e+01 ~  3.97659e+01 </ke> 
<pe>  3.08309e-01 ~  9.03845e+00 </pe>
</energyAVG>
</step>
<step>      410 
<energyAVG>
<ham>  4.98027e+01 ~  5.03170e+01 </ham>
<ke>  4.95157e+01 ~  5.07305e+01 </ke> 
<pe>  2.87040e-01 ~ -4.13517e-01 </pe>
</energyAVG>
</step>
<step>      420 
<energyAVG>
<ham>  4.98151e+01 ~  5.03332e+01 </ham>
<ke>  4.95467e+01 ~  5.09028e+01 </ke> 
<pe>  2.68412e-01 ~ -5.69591e-01 </pe>
</energyAVG>
</step>
<step>      430 
<energyAVG>
<ham>  4.98271e+01 ~  5.03335e+01 </ham>
<ke>  4.95776e+01 ~  5.08119e+01 </ke> 
<pe>  2.49545e-01 ~ -4.78408e-01 </pe>
</energyAVG>
</step>
<step>      440 
<energyAVG>
<ham>  4.98386e+01 ~  5.03336e+01 </ham>
<ke>  4.96033e+01 ~  5.06404e+01 </ke> 
<pe>  2.35339e-01 ~ -3.06780e-01 </pe>
</energyAVG>
</step>
<step>      450 
<energyAVG>
<ham>  4.98496e+01 ~  5.03336e+01 </ham>
<ke>  4.96250e+01 ~  5.05416e+01 </ke> 
<pe>  2.24599e-01 ~ -2.08054e-01 </pe>
</energyAVG>
</step>
<step>      460 
<energyAVG>
<ham>  4.98604e+01 ~  5.03497e+01 </ham>
<ke>  4.96441e+01 ~  5.04781e+01 </ke> 
<pe>  2.16314e-01 ~ -1.28407e-01 </pe>
</energyAVG>
</step>
<step>      470 
<energyAVG>
<ham>  4.98708e+01 ~  5.03497e+01 </ham>
<ke>  4.96611e+01 ~  5.04262e+01 </ke> 
<pe>  2.09629e-01 ~ -7.65450e-02 </pe>
</energyAVG>
</step>
<step>      480 
<energyAVG>
<ham>  4.98807e+01 ~  5.03497e+01 </ham>
<ke>  4.96766e+01 ~  5.03920e+01 </ke> 
<pe>  2.04101e-01 ~ -4.23166e-02 </pe>
</energyAVG>
</step>
<step>      490 
<energyAVG>
<ham>  4.98903e+01 ~  5.03497e+01 </ham>
<ke>  4.96910e+01 ~  5.03724e+01 </ke> 
<pe>  1.99321e-01 ~ -2.27561e-02 </pe>
</energyAVG>
</step>
<step>      500 
<energyAVG>
<ham>  4.98996e+01 ~  5.03658e+01 </ham>
<ke>  4.97045e+01 ~  5.03658e+01 </ke> 
<pe>  1.95153e-01 ~  0.00000e+00 </pe>
</energyAVG>
</step>
<step>      510 
<energyAVG>
<ham>  4.99086e+01 ~  5.03488e+01 </ham>
<ke>  4.97174e+01 ~  5.03760e+01 </ke> 
<pe>  1.91200e-01 ~ -2.71987e-02 </pe>
</energyAVG>
</step>
<step>      520 
<energyAVG>
<ham>  4.99171e+01 ~  5.03494e+01 </ham>
<ke>  4.97314e+01 ~  5.05573e+01 </ke> 
<pe>  1.85666e-01 ~ -2.07899e-01 </pe>
</energyAVG>
</step>
<step>      530 
<energyAVG>
<ham>  4.99252e+01 ~  5.03473e+01 </ham>
<ke>  4.97539e+01 ~  5.12507e+01 </ke> 
<pe>  1.71294e-01 ~ -9.03437e-01 </pe>
</energyAVG>
</step>
<step>      540 
<energyAVG>
<ham>  4.99329e+01 ~  5.03323e+01 </ham>
<ke>  4.97814e+01 ~  5.10351e+01 </ke> 
<pe>  1.51556e-01 ~ -7.02795e-01 </pe>
</energyAVG>
</step>
<step>      550 
<energyAVG>
<ham>  4.99402e+01 ~  5.03331e+01 </ham>
<ke>  4.97973e+01 ~  5.04653e+01 </ke> 
<pe>  1.42868e-01 ~ -1.32174e-01 </pe>
</energyAVG>
</step>
<step>      560 
<energyAVG>
<ham>  4.99472e+01 ~  5.03491e+01 </ham>
<ke>  4.98081e+01 ~  5.03818e+01 </ke> 
<pe>  1.39085e-01 ~ -3.26463e-02 </pe>
</energyAVG>
</step>
<step>      570 
<energyAVG>
<ham>  4.99543e+01 ~  5.03491e+01 </ham>
<ke>  4.98182e+01 ~  5.03857e+01 </ke> 
<pe>  1.36034e-01 ~ -3.65584e-02 </pe>
</energyAVG>
</step>
<step>      580 
<energyAVG>
<ham>  4.99611e+01 ~  5.03491e+01 </ham>
<ke>  4.98280e+01 ~  5.03845e+01 </ke> 
<pe>  1.33066e-01 ~ -3.54083e-02 </pe>
</energyAVG>
</step>
<step>      590 
<energyAVG>
<ham>  4.99676e+01 ~  5.03491e+01 </ham>
<ke>  4.98374e+01 ~  5.03789e+01 </ke> 
<pe>  1.30263e-01 ~ -2.97884e-02 </pe>
</energyAVG>
</step>
<step>      600 
<energyAVG>
<ham>  4.99740e+01 ~  5.03491e+01 </ham>
<ke>  4.98463e+01 ~  5.03714e+01 </ke> 
<pe>  1.27669e-01 ~ -2.22447e-02 </pe>
</energyAVG>
</step>
<step>      610 
<energyAVG>
<ham>  4.99802e+01 ~  5.03653e+01 </ham>
<ke>  4.98548e+01 ~  5.03653e+01 </ke> 
<pe>  1.25331e-01 ~  0.00000e+00 </pe>
</energyAVG>
</step>
<step>      620 
<energyAVG>
<ham>  4.99864e+01 ~  5.03653e+01 </ham>
<ke>  4.98631e+01 ~  5.03653e+01 </ke> 
<pe>  1.23313e-01 ~  0.00000e+00 </pe>
</energyAVG>
</step>
<step>      630 
<energyAVG>
<ham>  4.99923e+01 ~  5.03487e+01 </ham>
<ke>  4.98711e+01 ~  5.03754e+01 </ke> 
<pe>  1.21219e-01 ~ -2.66870e-02 </pe>
</energyAVG>
</step>
<step>      640 
<energyAVG>
<ham>  4.99978e+01 ~  5.03486e+01 </ham>
<ke>  4.98793e+01 ~  5.04264e+01 </ke> 
<pe>  1.18503e-01 ~ -7.77275e-02 </pe>
</energyAVG>
</step>
<step>      650 
<energyAVG>
<ham>  5.00032e+01 ~  5.03486e+01 </ham>
<ke>  4.98879e+01 ~  5.04353e+01 </ke> 
<pe>  1.15280e-01 ~ -8.66665e-02 </pe>
</energyAVG>
</step>
<step>      660 
<energyAVG>
<ham>  5.00084e+01 ~  5.03487e+01 </ham>
<ke>  4.98958e+01 ~  5.03825e+01 </ke> 
<pe>  1.12670e-01 ~ -3.38021e-02 </pe>
</energyAVG>
</step>
<step>      670 
<energyAVG>
<ham>  5.00135e+01 ~  5.03492e+01 </ham>
<ke>  4.99029e+01 ~  5.03898e+01 </ke> 
<pe>  1.10534e-01 ~ -4.06156e-02 </pe>
</energyAVG>
</step>
<step>      680 
<energyAVG>
<ham>  5.00184e+01 ~  5.03493e+01 </ham>
<ke>  4.99109e+01 ~  5.05195e+01 </ke> 
<pe>  1.07463e-01 ~ -1.70231e-01 </pe>
</energyAVG>
</step>
<step>      690 
<energyAVG>
<ham>  5.00232e+01 ~  5.03487e+01 </ham>
<ke>  4.99217e+01 ~  5.07519e+01 </ke> 
<pe>  1.01498e-01 ~ -4.03136e-01 </pe>
</energyAVG>
</step>
<step>      700 
<energyAVG>
<ham>  5.00278e+01 ~  5.03491e+01 </ham>
<ke>  4.99332e+01 ~  5.06476e+01 </ke> 
<pe>  9.46243e-02 ~ -2.98515e-01 </pe>
</energyAVG>
</step>
<step>      710 
<energyAVG>
<ham>  5.00324e+01 ~  5.03493e+01 </ham>
<ke>  4.99414e+01 ~  5.04356e+01 </ke> 
<pe>  9.09174e-02 ~ -8.63520e-02 </pe>
</energyAVG>
</step>
<step>      720 
<energyAVG>
<ham>  5.00368e+01 ~  5.03492e+01 </ham>
<ke>  4.99477e+01 ~  5.03690e+01 </ke> 
<pe>  8.90755e-02 ~ -1.98195e-02 </pe>
</energyAVG>
</step>
<step>      730 
<energyAVG>
<ham>  5.00412e+01 ~  5.03651e+01 </ham>
<ke>  4.99534e+01 ~  5.03651e+01 </ke> 
<pe>  8.78335e-02 ~  0.00000e+00 </pe>
</energyAVG>
</step>
<step>      740 
<energyAVG>
<ham>  5.00454e+01 ~  5.03481e+01 </ham>
<ke>  4.99591e+01 ~  5.03978e+01 </ke> 
<pe>  8.62497e-02 ~ -4.96874e-02 </pe>
</energyAVG>
</step>
<step>      750 
<energyAVG>
<ham>  5.00494e+01 ~  5.03481e+01 </ham>
<ke>  4.99652e+01 ~  5.04091e+01 </ke> 
<pe>  8.42618e-02 ~ -6.10331e-02 </pe>
</energyAVG>
</step>
<step>      760 
<energyAVG>
<ham>  5.00533e+01 ~  5.03482e+01 </ham>
<ke>  4.99707e+01 ~  5.03688e+01 </ke> 
<pe>  8.26533e-02 ~ -2.05964e-02 </pe>
</energyAVG>
</step>
<step>      770 
<energyAVG>
<ham>  5.00574e+01 ~  5.03646e+01 </ham>
<ke>  4.99758e+01 ~  5.03646e+01 </ke> 
<pe>  8.15582e-02 ~  0.00000e+00 </pe>
</energyAVG>
</step>
<step>      780 
<energyAVG>
<ham>  5.00613e+01 ~  5.03646e+01 </ham>
<ke>  4.99808e+01 ~  5.03646e+01 </ke> 
<pe>  8.05139e-02 ~  0.00000e+00 </pe>
</energyAVG>
</step>
<step>      790 
<energyAVG>
<ham>  5.00651e+01 ~  5.03646e+01 </ham>
<ke>  4.99856e+01 ~  5.03646e+01 </ke> 
<pe>  7.94961e-02 ~  0.00000e+00 </pe>
</energyAVG>
</step>
<step>      800 
<energyAVG>
<ham>  5.00689e+01 ~  5.03646e+01 </ham>
<ke>  4.99904e+01 ~  5.03646e+01 </ke> 
<pe>  7.85036e-02 ~  0.00000e+00 </pe>
</energyAVG>
</step>
<step>      810 
<energyAVG>
<ham>  5.00725e+01 ~  5.03646e+01 </ham>
<ke>  4.99950e+01 ~  5.03646e+01 </ke> 
<pe>  7.75356e-02 ~  0.00000e+00 </pe>
</energyAVG>
</step>
<step>      820 
<energyAVG>
<ham>  5.00761e+01 ~  5.03646e+01 </ham>
<ke>  4.99995e+01 ~  5.03646e+01 </ke> 
<pe>  7.65912e-02 ~  0.00000e+00 </pe>
</energyAVG>
</step>
<step>      830 
<energyAVG>
<ham>  5.00795e+01 ~  5.03646e+01 </ham>
<ke>  5.00039e+01 ~  5.03646e+01 </ke> 
<pe>  7.56695e-02 ~  0.00000e+00 </pe>
</energyAVG>
</step>
<step>      840 
<energyAVG>
<ham>  5.00829e+01 ~  5.03646e+01 </ham>
<ke>  5.00082e+01 ~  5.03646e+01 </ke> 
<pe>  7.47698e-02 ~  0.00000e+00 </pe>
</energyAVG>
</step>
<step>      850 
<energyAVG>
<ham>  5.00862e+01 ~  5.03646e+01 </ham>
<ke>  5.00124e+01 ~  5.03646e+01 </ke> 
<pe>  7.38912e-02 ~  0.00000e+00 </pe>
</energyAVG>
</step>
<step>      860 
<energyAVG>
<ham>  5.00895e+01 ~  5.03646e+01 </ham>
<ke>  5.00164e+01 ~  5.03646e+01 </ke> 
<pe>  7.30330e-02 ~  0.00000e+00 </pe>
</energyAVG>
</step>
<step>      870 
<energyAVG>
<ham>  5.00926e+01 ~  5.03646e+01 </ham>
<ke>  5.00204e+01 ~  5.03646e+01 </ke> 
<pe>  7.21945e-02 ~  0.00000e+00 </pe>
</energyAVG>
</step>
<step>      880 
<energyAVG>
<ham>  5.00957e+01 ~  5.03646e+01 </ham>
<ke>  5.00244e+01 ~  5.03646e+01 </ke> 
<pe>  7.13750e-02 ~  0.00000e+00 </pe>
</energyAVG>
</step>
<step>      890 
<energyAVG>
<ham>  5.00987e+01 ~  5.03646e+01 </ham>
<ke>  5.00282e+01 ~  5.03646e+01 </ke> 
<pe>  7.05739e-02 ~  0.00000e+00 </pe>
</energyAVG>
</step>
<step>      900 
<energyAVG>
<ham>  5.01017e+01 ~  5.03646e+01 </ham>
<ke>  5.00319e+01 ~  5.03646e+01 </ke> 
<pe>  6.97907e-02 ~  0.00000e+00 </pe>
</energyAVG>
</step>
<step>      910 
<energyAVG>
<ham>  5.01046e+01 ~  5.03646e+01 </ham>
<ke>  5.00356e+01 ~  5.03646e+01 </ke> 
<pe>  6.90246e-02 ~  0.00000e+00 </pe>
</energyAVG>
</step>
<step>      920 
<energyAVG>
<ham>  5.01074e+01 ~  5.03646e+01 </ham>
<ke>  5.00391e+01 ~  5.03646e+01 </ke> 
<pe>  6.82751e-02 ~  0.00000e+00 </pe>
</energyAVG>
</step>
<step>      930 
<energyAVG>
<ham>  5.01102e+01 ~  5.03646e+01 </ham>
<ke>  5.00426e+01 ~  5.03646e+01 </ke> 
<pe>  6.75418e-02 ~  0.00000e+00 </pe>
</energyAVG>
</step>
<step>      940 
<energyAVG>
<ham>  5.01129e+01 ~  5.03646e+01 </ham>
<ke>  5.00460e+01 ~  5.03646e+01 </ke> 
<pe>  6.68240e-02 ~  0.00000e+00 </pe>
</energyAVG>
</step>
<step>      950 
<energyAVG>
<ham>  5.01155e+01 ~  5.03646e+01 </ham>
<ke>  5.00494e+01 ~  5.03646e+01 </ke> 
<pe>  6.61213e-02 ~  0.00000e+00 </pe>
</energyAVG>
</step>
<step>      960 
<energyAVG>
<ham>  5.01181e+01 ~  5.03646e+01 </ham>
<ke>  5.00527e+01 ~  5.03646e+01 </ke> 
<pe>  6.54333e-02 ~  0.00000e+00 </pe>
</energyAVG>
</step>
<step>      970 
<energyAVG>
<ham>  5.01207e+01 ~  5.03646e+01 </ham>
<ke>  5.00559e+01 ~  5.03646e+01 </ke> 
<pe>  6.47594e-02 ~  0.00000e+00 </pe>
</energyAVG>
</step>
<step>      980 
<energyAVG>
<ham>  5.01231e+01 ~  5.03646e+01 </ham>
<ke>  5.00590e+01 ~  5.03646e+01 </ke> 
<pe>  6.40993e-02 ~  0.00000e+00 </pe>
</energyAVG>
</step>
<step>      990 
<energyAVG>
<ham>  5.01255e+01 ~  5.03489e+01 </ham>
<ke>  5.00623e+01 ~  5.04221e+01 </ke> 
<pe>  6.31726e-02 ~ -7.32058e-02 </pe>
</energyAVG>
</step>
<step>     1000 
<energyAVG>
<ham>  5.01276e+01 ~  5.02656e+01 </ham>
<ke>  5.00696e+01 ~  5.11754e+01 </ke> 
<pe>  5.79746e-02 ~ -9.09812e-01 </pe>
</energyAVG>
</step>

