Getting initial energy and force
Starting MD ntime = 1000 with 12 dof
<step>        0 
<energyAVG>
<ham>  4.98771e+01 ~  4.98771e+01 </ham>
<ke>  5.00000e+01 ~  5.00000e+01 </ke> 
<pe> -1.22872e-01 ~ -1.22872e-01 </pe>
</energyAVG>
</step>
<step>       10 
<energyAVG>
<ham>  4.98265e+01 ~  4.94617e+01 </ham>
<ke>  5.02445e+01 ~  4.93953e+01 </ke> 
<pe> -4.18002e-01 ~  6.63819e-02 </pe>
</energyAVG>
</step>
<step>       20 
<energyAVG>
<ham>  4.95757e+01 ~  4.94104e+01 </ham>
<ke>  4.75699e+01 ~  4.97739e+01 </ke> 
<pe>  2.00580e+00 ~ -3.63497e-01 </pe>
</energyAVG>
</step>
<step>       30 
<energyAVG>
<ham>  4.95237e+01 ~  4.94408e+01 </ham>
<ke>  4.82068e+01 ~  4.94830e+01 </ke> 
<pe>  1.31693e+00 ~ -4.21822e-02 </pe>
</energyAVG>
</step>
<step>       40 
<energyAVG>
<ham>  4.95035e+01 ~  4.94408e+01 </ham>
<ke>  4.85182e+01 ~  4.94842e+01 </ke> 
<pe>  9.85287e-01 ~ -4.33717e-02 </pe>
</energyAVG>
</step>
<step>       50 
<energyAVG>
<ham>  4.94912e+01 ~  4.94408e+01 </ham>
<ke>  4.87078e+01 ~  4.94857e+01 </ke> 
<pe>  7.83430e-01 ~ -4.49048e-02 </pe>
</energyAVG>
</step>
<step>       60 
<energyAVG>
<ham>  4.94830e+01 ~  4.94408e+01 </ham>
<ke>  4.88355e+01 ~  4.94877e+01 </ke> 
<pe>  6.47469e-01 ~ -4.68339e-02 </pe>
</energyAVG>
</step>
<step>       70 
<energyAVG>
<ham>  4.94770e+01 ~  4.94408e+01 </ham>
<ke>  4.89275e+01 ~  4.94901e+01 </ke> 
<pe>  5.49500e-01 ~ -4.92298e-02 </pe>
</energyAVG>
</step>
<step>       80 
<energyAVG>
<ham>  4.94726e+01 ~  4.94408e+01 </ham>
<ke>  4.89972e+01 ~  4.94930e+01 </ke> 
<pe>  4.75388e-01 ~ -5.21881e-02 </pe>
</energyAVG>
</step>
<step>       90 
<energyAVG>
<ham>  4.94673e+01 ~  4.94270e+01 </ham>
<ke>  4.90605e+01 ~  4.97553e+01 </ke> 
<pe>  4.06790e-01 ~ -3.28286e-01 </pe>
</energyAVG>
</step>
<step>      100 
<energyAVG>
<ham>  4.94541e+01 ~  4.93515e+01 </ham>
<ke>  4.86207e+01 ~  4.89813e+01 </ke> 
<pe>  8.33448e-01 ~  3.70239e-01 </pe>
</energyAVG>
</step>
<step>      110 
<energyAVG>
<ham>  4.94853e+01 ~  4.98096e+01 </ham>
<ke>  4.87729e+01 ~  4.99703e+01 </ke> 
<pe>  7.12392e-01 ~ -1.60662e-01 </pe>
</energyAVG>
</step>
<step>      120 
<energyAVG>
<ham>  4.95127e+01 ~  4.98242e+01 </ham>
<ke>  4.88660e+01 ~  4.98719e+01 </ke> 
<pe>  6.46724e-01 ~ -4.76824e-02 </pe>
</energyAVG>
</step>
<step>      130 
<energyAVG>
<ham>  4.95376e+01 ~  4.98404e+01 </ham>
<ke>  4.89426e+01 ~  4.98708e+01 </ke> 
<pe>  5.95012e-01 ~ -3.04546e-02 </pe>
</energyAVG>
</step>
<step>      140 
<energyAVG>
<ham>  4.95591e+01 ~  4.98404e+01 </ham>
<ke>  4.90086e+01 ~  4.98746e+01 </ke> 
<pe>  5.50507e-01 ~ -3.42762e-02 </pe>
</energyAVG>
</step>
<step>      150 
<energyAVG>
<ham>  4.95777e+01 ~  4.98404e+01 </ham>
<ke>  4.90661e+01 ~  4.98792e+01 </ke> 
<pe>  5.11618e-01 ~ -3.88387e-02 </pe>
</energyAVG>
</step>
<step>      160 
<energyAVG>
<ham>  4.95940e+01 ~  4.98404e+01 </ham>
<ke>  4.91168e+01 ~  4.98847e+01 </ke> 
<pe>  4.77245e-01 ~ -4.43563e-02 </pe>
</energyAVG>
</step>
<step>      170 
<energyAVG>
<ham>  4.96080e+01 ~  4.98254e+01 </ham>
<ke>  4.91623e+01 ~  4.99246e+01 </ke> 
<pe>  4.45643e-01 ~ -9.91691e-02 </pe>
</energyAVG>
</step>
<step>      180 
<energyAVG>
<ham>  4.96198e+01 ~  4.97743e+01 </ham>
<ke>  4.92236e+01 ~  5.08305e+01 </ke> 
<pe>  3.96205e-01 ~ -1.05628e+00 </pe>
</energyAVG>
</step>
<step>      190 
<energyAVG>
<ham>  4.96247e+01 ~  4.99499e+01 </ham>
<ke>  4.90362e+01 ~  5.08219e+01 </ke> 
<pe>  5.88471e-01 ~ -8.71992e-01 </pe>
</energyAVG>
</step>
<step>      200 
<energyAVG>
<ham>  4.96394e+01 ~  4.97844e+01 </ham>
<ke>  4.90086e+01 ~  4.64938e+01 </ke> 
<pe>  6.30857e-01 ~  3.29066e+00 </pe>
</energyAVG>
</step>
<step>      210 
<energyAVG>
<ham>  4.96525e+01 ~  4.99449e+01 </ham>
<ke>  4.90751e+01 ~  5.01602e+01 </ke> 
<pe>  5.77394e-01 ~ -2.15299e-01 </pe>
</energyAVG>
</step>
<step>      220 
<energyAVG>
<ham>  4.96658e+01 ~  4.99592e+01 </ham>
<ke>  4.91206e+01 ~  5.00858e+01 </ke> 
<pe>  5.45190e-01 ~ -1.26629e-01 </pe>
</energyAVG>
</step>
<step>      230 
<energyAVG>
<ham>  4.96785e+01 ~  4.99593e+01 </ham>
<ke>  4.91667e+01 ~  5.03009e+01 </ke> 
<pe>  5.11730e-01 ~ -3.41585e-01 </pe>
</energyAVG>
</step>
<step>      240 
<energyAVG>
<ham>  4.96901e+01 ~  4.99589e+01 </ham>
<ke>  4.92238e+01 ~  5.07739e+01 </ke> 
<pe>  4.66346e-01 ~ -8.15003e-01 </pe>
</energyAVG>
</step>
<step>      250 
<energyAVG>
<ham>  4.97008e+01 ~  4.99595e+01 </ham>
<ke>  4.92902e+01 ~  5.07891e+01 </ke> 
<pe>  4.10554e-01 ~ -8.29564e-01 </pe>
</energyAVG>
</step>
<step>      260 
<energyAVG>
<ham>  4.97107e+01 ~  4.99577e+01 </ham>
<ke>  4.93494e+01 ~  5.09551e+01 </ke> 
<pe>  3.61285e-01 ~ -9.97378e-01 </pe>
</energyAVG>
</step>
<step>      270 
<energyAVG>
<ham>  4.97198e+01 ~  4.99593e+01 </ham>
<ke>  4.94003e+01 ~  5.04969e+01 </ke> 
<pe>  3.19527e-01 ~ -5.37551e-01 </pe>
</energyAVG>
</step>
<step>      280 
<energyAVG>
<ham>  4.97284e+01 ~  4.99593e+01 </ham>
<ke>  4.94320e+01 ~  5.01634e+01 </ke> 
<pe>  2.96389e-01 ~ -2.04116e-01 </pe>
</energyAVG>
</step>
<step>      290 
<energyAVG>
<ham>  4.97363e+01 ~  4.99592e+01 </ham>
<ke>  4.94543e+01 ~  5.00355e+01 </ke> 
<pe>  2.81969e-01 ~ -7.63448e-02 </pe>
</energyAVG>
</step>
<step>      300 
<energyAVG>
<ham>  4.97437e+01 ~  4.99591e+01 </ham>
<ke>  4.94727e+01 ~  4.99895e+01 </ke> 
<pe>  2.71029e-01 ~ -3.04029e-02 </pe>
</energyAVG>
</step>
<step>      310 
<energyAVG>
<ham>  4.97508e+01 ~  4.99752e+01 </ham>
<ke>  4.94890e+01 ~  4.99752e+01 </ke> 
<pe>  2.61822e-01 ~  0.00000e+00 </pe>
</energyAVG>
</step>
<step>      320 
<energyAVG>
<ham>  4.97578e+01 ~  4.99752e+01 </ham>
<ke>  4.95041e+01 ~  4.99752e+01 </ke> 
<pe>  2.53666e-01 ~  0.00000e+00 </pe>
</energyAVG>
</step>
<step>      330 
<energyAVG>
<ham>  4.97643e+01 ~  4.99752e+01 </ham>
<ke>  4.95183e+01 ~  4.99752e+01 </ke> 
<pe>  2.46002e-01 ~  0.00000e+00 </pe>
</energyAVG>
</step>
<step>      340 
<energyAVG>
<ham>  4.97705e+01 ~  4.99752e+01 </ham>
<ke>  4.95317e+01 ~  4.99752e+01 </ke> 
<pe>  2.38788e-01 ~  0.00000e+00 </pe>
</energyAVG>
</step>
<step>      350 
<energyAVG>
<ham>  4.97764e+01 ~  4.99752e+01 </ham>
<ke>  4.95444e+01 ~  4.99752e+01 </ke> 
<pe>  2.31985e-01 ~  0.00000e+00 </pe>
</energyAVG>
</step>
<step>      360 
<energyAVG>
<ham>  4.97819e+01 ~  4.99752e+01 </ham>
<ke>  4.95563e+01 ~  4.99752e+01 </ke> 
<pe>  2.25559e-01 ~  0.00000e+00 </pe>
</energyAVG>
</step>
<step>      370 
<energyAVG>
<ham>  4.97871e+01 ~  4.99752e+01 </ham>
<ke>  4.95676e+01 ~  4.99752e+01 </ke> 
<pe>  2.19479e-01 ~  0.00000e+00 </pe>
</energyAVG>
</step>
<step>      380 
<energyAVG>
<ham>  4.97920e+01 ~  4.99752e+01 </ham>
<ke>  4.95783e+01 ~  4.99752e+01 </ke> 
<pe>  2.13718e-01 ~  0.00000e+00 </pe>
</energyAVG>
</step>
<step>      390 
<energyAVG>
<ham>  4.97967e+01 ~  4.99752e+01 </ham>
<ke>  4.95884e+01 ~  4.99752e+01 </ke> 
<pe>  2.08253e-01 ~  0.00000e+00 </pe>
</energyAVG>
</step>
<step>      400 
<energyAVG>
<ham>  4.98011e+01 ~  4.99752e+01 </ham>
<ke>  4.95981e+01 ~  4.99752e+01 </ke> 
<pe>  2.03059e-01 ~  0.00000e+00 </pe>
</energyAVG>
</step>
<step>      410 
<energyAVG>
<ham>  4.98051e+01 ~  4.99587e+01 </ham>
<ke>  4.96076e+01 ~  5.00176e+01 </ke> 
<pe>  1.97439e-01 ~ -5.89042e-02 </pe>
</energyAVG>
</step>
<step>      420 
<energyAVG>
<ham>  4.98087e+01 ~  4.99587e+01 </ham>
<ke>  4.96199e+01 ~  5.02568e+01 </ke> 
<pe>  1.88835e-01 ~ -2.98097e-01 </pe>
</energyAVG>
</step>
<step>      430 
<energyAVG>
<ham>  4.98122e+01 ~  4.99578e+01 </ham>
<ke>  4.96390e+01 ~  5.05183e+01 </ke> 
<pe>  1.73212e-01 ~ -5.60519e-01 </pe>
</energyAVG>
</step>
<step>      440 
<energyAVG>
<ham>  4.98155e+01 ~  4.99588e+01 </ham>
<ke>  4.96552e+01 ~  5.01876e+01 </ke> 
<pe>  1.60244e-01 ~ -2.28745e-01 </pe>
</energyAVG>
</step>
<step>      450 
<energyAVG>
<ham>  4.98187e+01 ~  4.99587e+01 </ham>
<ke>  4.96643e+01 ~  5.00013e+01 </ke> 
<pe>  1.54391e-01 ~ -4.25951e-02 </pe>
</energyAVG>
</step>
<step>      460 
<energyAVG>
<ham>  4.98219e+01 ~  4.99755e+01 </ham>
<ke>  4.96711e+01 ~  4.99755e+01 </ke> 
<pe>  1.50756e-01 ~  0.00000e+00 </pe>
</energyAVG>
</step>
<step>      470 
<energyAVG>
<ham>  4.98251e+01 ~  4.99755e+01 </ham>
<ke>  4.96776e+01 ~  4.99755e+01 </ke> 
<pe>  1.47555e-01 ~  0.00000e+00 </pe>
</energyAVG>
</step>
<step>      480 
<energyAVG>
<ham>  4.98283e+01 ~  4.99755e+01 </ham>
<ke>  4.96838e+01 ~  4.99755e+01 </ke> 
<pe>  1.44488e-01 ~  0.00000e+00 </pe>
</energyAVG>
</step>
<step>      490 
<energyAVG>
<ham>  4.98313e+01 ~  4.99755e+01 </ham>
<ke>  4.96897e+01 ~  4.99755e+01 </ke> 
<pe>  1.41545e-01 ~  0.00000e+00 </pe>
</energyAVG>
</step>
<step>      500 
<energyAVG>
<ham>  4.98342e+01 ~  4.99755e+01 </ham>
<ke>  4.96954e+01 ~  4.99755e+01 </ke> 
<pe>  1.38720e-01 ~  0.00000e+00 </pe>
</energyAVG>
</step>
<step>      510 
<energyAVG>
<ham>  4.98369e+01 ~  4.99755e+01 </ham>
<ke>  4.97009e+01 ~  4.99755e+01 </ke> 
<pe>  1.36005e-01 ~  0.00000e+00 </pe>
</energyAVG>
</step>
<step>      520 
<energyAVG>
<ham>  4.98396e+01 ~  4.99755e+01 </ham>
<ke>  4.97062e+01 ~  4.99755e+01 </ke> 
<pe>  1.33394e-01 ~  0.00000e+00 </pe>
</energyAVG>
</step>
<step>      530 
<energyAVG>
<ham>  4.98419e+01 ~  4.99605e+01 </ham>
<ke>  4.97117e+01 ~  5.00447e+01 </ke> 
<pe>  1.30170e-01 ~ -8.42231e-02 </pe>
</energyAVG>
</step>
<step>      540 
<energyAVG>
<ham>  4.98441e+01 ~  4.99589e+01 </ham>
<ke>  4.97232e+01 ~  5.07869e+01 </ke> 
<pe>  1.20868e-01 ~ -8.28088e-01 </pe>
</energyAVG>
</step>
<step>      550 
<energyAVG>
<ham>  4.98460e+01 ~  4.99141e+01 </ham>
<ke>  4.97195e+01 ~  5.03304e+01 </ke> 
<pe>  1.26521e-01 ~ -4.16336e-01 </pe>
</energyAVG>
</step>
<step>      560 
<energyAVG>
<ham>  4.98480e+01 ~  4.99611e+01 </ham>
<ke>  4.97344e+01 ~  5.01646e+01 </ke> 
<pe>  1.13539e-01 ~ -2.03443e-01 </pe>
</energyAVG>
</step>
<step>      570 
<energyAVG>
<ham>  4.98499e+01 ~  4.99602e+01 </ham>
<ke>  4.97397e+01 ~  4.99838e+01 </ke> 
<pe>  1.10294e-01 ~ -2.36240e-02 </pe>
</energyAVG>
</step>
<step>      580 
<energyAVG>
<ham>  4.98520e+01 ~  4.99750e+01 </ham>
<ke>  4.97437e+01 ~  4.99750e+01 </ke> 
<pe>  1.08334e-01 ~  0.00000e+00 </pe>
</energyAVG>
</step>
<step>      590 
<energyAVG>
<ham>  4.98541e+01 ~  4.99750e+01 </ham>
<ke>  4.97476e+01 ~  4.99750e+01 </ke> 
<pe>  1.06501e-01 ~  0.00000e+00 </pe>
</energyAVG>
</step>
<step>      600 
<energyAVG>
<ham>  4.98561e+01 ~  4.99750e+01 </ham>
<ke>  4.97514e+01 ~  4.99750e+01 </ke> 
<pe>  1.04729e-01 ~  0.00000e+00 </pe>
</energyAVG>
</step>
<step>      610 
<energyAVG>
<ham>  4.98581e+01 ~  4.99750e+01 </ham>
<ke>  4.97551e+01 ~  4.99750e+01 </ke> 
<pe>  1.03015e-01 ~  0.00000e+00 </pe>
</energyAVG>
</step>
<step>      620 
<energyAVG>
<ham>  4.98600e+01 ~  4.99750e+01 </ham>
<ke>  4.97586e+01 ~  4.99750e+01 </ke> 
<pe>  1.01356e-01 ~  0.00000e+00 </pe>
</energyAVG>
</step>
<step>      630 
<energyAVG>
<ham>  4.98618e+01 ~  4.99750e+01 </ham>
<ke>  4.97620e+01 ~  4.99750e+01 </ke> 
<pe>  9.97498e-02 ~  0.00000e+00 </pe>
</energyAVG>
</step>
<step>      640 
<energyAVG>
<ham>  4.98636e+01 ~  4.99750e+01 </ham>
<ke>  4.97654e+01 ~  4.99750e+01 </ke> 
<pe>  9.81937e-02 ~  0.00000e+00 </pe>
</energyAVG>
</step>
<step>      650 
<energyAVG>
<ham>  4.98653e+01 ~  4.99750e+01 </ham>
<ke>  4.97686e+01 ~  4.99750e+01 </ke> 
<pe>  9.66853e-02 ~  0.00000e+00 </pe>
</energyAVG>
</step>
<step>      660 
<energyAVG>
<ham>  4.98669e+01 ~  4.99750e+01 </ham>
<ke>  4.97717e+01 ~  4.99750e+01 </ke> 
<pe>  9.52226e-02 ~  0.00000e+00 </pe>
</energyAVG>
</step>
<step>      670 
<energyAVG>
<ham>  4.98685e+01 ~  4.99750e+01 </ham>
<ke>  4.97747e+01 ~  4.99750e+01 </ke> 
<pe>  9.38035e-02 ~  0.00000e+00 </pe>
</energyAVG>
</step>
<step>      680 
<energyAVG>
<ham>  4.98701e+01 ~  4.99750e+01 </ham>
<ke>  4.97777e+01 ~  4.99750e+01 </ke> 
<pe>  9.24261e-02 ~  0.00000e+00 </pe>
</energyAVG>
</step>
<step>      690 
<energyAVG>
<ham>  4.98716e+01 ~  4.99750e+01 </ham>
<ke>  4.97805e+01 ~  4.99750e+01 </ke> 
<pe>  9.10885e-02 ~  0.00000e+00 </pe>
</energyAVG>
</step>
<step>      700 
<energyAVG>
<ham>  4.98731e+01 ~  4.99750e+01 </ham>
<ke>  4.97833e+01 ~  4.99750e+01 </ke> 
<pe>  8.97891e-02 ~  0.00000e+00 </pe>
</energyAVG>
</step>
<step>      710 
<energyAVG>
<ham>  4.98745e+01 ~  4.99750e+01 </ham>
<ke>  4.97860e+01 ~  4.99750e+01 </ke> 
<pe>  8.85262e-02 ~  0.00000e+00 </pe>
</energyAVG>
</step>
<step>      720 
<energyAVG>
<ham>  4.98759e+01 ~  4.99750e+01 </ham>
<ke>  4.97886e+01 ~  4.99750e+01 </ke> 
<pe>  8.72984e-02 ~  0.00000e+00 </pe>
</energyAVG>
</step>
<step>      730 
<energyAVG>
<ham>  4.98773e+01 ~  4.99750e+01 </ham>
<ke>  4.97912e+01 ~  4.99750e+01 </ke> 
<pe>  8.61042e-02 ~  0.00000e+00 </pe>
</energyAVG>
</step>
<step>      740 
<energyAVG>
<ham>  4.98786e+01 ~  4.99750e+01 </ham>
<ke>  4.97937e+01 ~  4.99750e+01 </ke> 
<pe>  8.49422e-02 ~  0.00000e+00 </pe>
</energyAVG>
</step>
<step>      750 
<energyAVG>
<ham>  4.98799e+01 ~  4.99750e+01 </ham>
<ke>  4.97961e+01 ~  4.99750e+01 </ke> 
<pe>  8.38111e-02 ~  0.00000e+00 </pe>
</energyAVG>
</step>
<step>      760 
<energyAVG>
<ham>  4.98811e+01 ~  4.99750e+01 </ham>
<ke>  4.97984e+01 ~  4.99750e+01 </ke> 
<pe>  8.27098e-02 ~  0.00000e+00 </pe>
</energyAVG>
</step>
<step>      770 
<energyAVG>
<ham>  4.98824e+01 ~  4.99750e+01 </ham>
<ke>  4.98007e+01 ~  4.99750e+01 </ke> 
<pe>  8.16370e-02 ~  0.00000e+00 </pe>
</energyAVG>
</step>
<step>      780 
<energyAVG>
<ham>  4.98835e+01 ~  4.99750e+01 </ham>
<ke>  4.98029e+01 ~  4.99750e+01 </ke> 
<pe>  8.05917e-02 ~  0.00000e+00 </pe>
</energyAVG>
</step>
<step>      790 
<energyAVG>
<ham>  4.98847e+01 ~  4.99750e+01 </ham>
<ke>  4.98051e+01 ~  4.99750e+01 </ke> 
<pe>  7.95729e-02 ~  0.00000e+00 </pe>
</energyAVG>
</step>
<step>      800 
<energyAVG>
<ham>  4.98858e+01 ~  4.99750e+01 </ham>
<ke>  4.98072e+01 ~  4.99750e+01 </ke> 
<pe>  7.85795e-02 ~  0.00000e+00 </pe>
</energyAVG>
</step>
<step>      810 
<energyAVG>
<ham>  4.98869e+01 ~  4.99750e+01 </ham>
<ke>  4.98093e+01 ~  4.99750e+01 </ke> 
<pe>  7.76105e-02 ~  0.00000e+00 </pe>
</energyAVG>
</step>
<step>      820 
<energyAVG>
<ham>  4.98880e+01 ~  4.99750e+01 </ham>
<ke>  4.98113e+01 ~  4.99750e+01 </ke> 
<pe>  7.66652e-02 ~  0.00000e+00 </pe>
</energyAVG>
</step>
<step>      830 
<energyAVG>
<ham>  4.98890e+01 ~  4.99750e+01 </ham>
<ke>  4.98133e+01 ~  4.99750e+01 </ke> 
<pe>  7.57427e-02 ~  0.00000e+00 </pe>
</energyAVG>
</step>
<step>      840 
<energyAVG>
<ham>  4.98901e+01 ~  4.99750e+01 </ham>
<ke>  4.98152e+01 ~  4.99750e+01 </ke> 
<pe>  7.48420e-02 ~  0.00000e+00 </pe>
</energyAVG>
</step>
<step>      850 
<energyAVG>
<ham>  4.98911e+01 ~  4.99750e+01 </ham>
<ke>  4.98171e+01 ~  4.99750e+01 </ke> 
<pe>  7.39626e-02 ~  0.00000e+00 </pe>
</energyAVG>
</step>
<step>      860 
<energyAVG>
<ham>  4.98920e+01 ~  4.99750e+01 </ham>
<ke>  4.98189e+01 ~  4.99750e+01 </ke> 
<pe>  7.31035e-02 ~  0.00000e+00 </pe>
</energyAVG>
</step>
<step>      870 
<energyAVG>
<ham>  4.98930e+01 ~  4.99750e+01 </ham>
<ke>  4.98207e+01 ~  4.99750e+01 </ke> 
<pe>  7.22642e-02 ~  0.00000e+00 </pe>
</energyAVG>
</step>
<step>      880 
<energyAVG>
<ham>  4.98939e+01 ~  4.99750e+01 </ham>
<ke>  4.98225e+01 ~  4.99750e+01 </ke> 
<pe>  7.14440e-02 ~  0.00000e+00 </pe>
</energyAVG>
</step>
<step>      890 
<energyAVG>
<ham>  4.98948e+01 ~  4.99750e+01 </ham>
<ke>  4.98242e+01 ~  4.99750e+01 </ke> 
<pe>  7.06421e-02 ~  0.00000e+00 </pe>
</energyAVG>
</step>
<step>      900 
<energyAVG>
<ham>  4.98957e+01 ~  4.99750e+01 </ham>
<ke>  4.98259e+01 ~  4.99750e+01 </ke> 
<pe>  6.98581e-02 ~  0.00000e+00 </pe>
</energyAVG>
</step>
<step>      910 
<energyAVG>
<ham>  4.98966e+01 ~  4.99750e+01 </ham>
<ke>  4.98275e+01 ~  4.99750e+01 </ke> 
<pe>  6.90913e-02 ~  0.00000e+00 </pe>
</energyAVG>
</step>
<step>      920 
<energyAVG>
<ham>  4.98974e+01 ~  4.99750e+01 </ham>
<ke>  4.98291e+01 ~  4.99750e+01 </ke> 
<pe>  6.83411e-02 ~  0.00000e+00 </pe>
</energyAVG>
</step>
<step>      930 
<energyAVG>
<ham>  4.98983e+01 ~  4.99750e+01 </ham>
<ke>  4.98307e+01 ~  4.99750e+01 </ke> 
<pe>  6.76070e-02 ~  0.00000e+00 </pe>
</energyAVG>
</step>
<step>      940 
<energyAVG>
<ham>  4.98991e+01 ~  4.99750e+01 </ham>
<ke>  4.98322e+01 ~  4.99750e+01 </ke> 
<pe>  6.68886e-02 ~  0.00000e+00 </pe>
</energyAVG>
</step>
<step>      950 
<energyAVG>
<ham>  4.98999e+01 ~  4.99750e+01 </ham>
<ke>  4.98337e+01 ~  4.99750e+01 </ke> 
<pe>  6.61852e-02 ~  0.00000e+00 </pe>
</energyAVG>
</step>
<step>      960 
<energyAVG>
<ham>  4.99007e+01 ~  4.99750e+01 </ham>
<ke>  4.98352e+01 ~  4.99750e+01 </ke> 
<pe>  6.54965e-02 ~  0.00000e+00 </pe>
</energyAVG>
</step>
<step>      970 
<energyAVG>
<ham>  4.99014e+01 ~  4.99750e+01 </ham>
<ke>  4.98366e+01 ~  4.99750e+01 </ke> 
<pe>  6.48220e-02 ~  0.00000e+00 </pe>
</energyAVG>
</step>
<step>      980 
<energyAVG>
<ham>  4.99022e+01 ~  4.99750e+01 </ham>
<ke>  4.98380e+01 ~  4.99750e+01 </ke> 
<pe>  6.41612e-02 ~  0.00000e+00 </pe>
</energyAVG>
</step>
<step>      990 
<energyAVG>
<ham>  4.99029e+01 ~  4.99750e+01 </ham>
<ke>  4.98394e+01 ~  4.99750e+01 </ke> 
<pe>  6.35138e-02 ~  0.00000e+00 </pe>
</energyAVG>
</step>
<step>     1000 
<energyAVG>
<ham>  4.99036e+01 ~  4.99750e+01 </ham>
<ke>  4.98408e+01 ~  4.99750e+01 </ke> 
<pe>  6.28793e-02 ~  0.00000e+00 </pe>
</energyAVG>
</step>

