Running MPI Version /home/moore/md/mdmol/mdmol.mpi on radon (id=29486) of rank 0 and size 1 with input tmp.in
